{
  "user":{
    "username": "Jacob",
    "email": "jake@jake.jake",
    "password": "jakejake"
  }
}