{
  "user":{
    "email": "jake@jake.jake",
    "bio": "I like to skateboard",
    "image": "https://i.stack.imgur.com/xHWG8.jpg"
  }
}